
C:\Users\vallu\OneDrive\Desktop\NRCM-PJ\4-1-pj\sentinelx-platform\src\components\FloatingChatbot.jsx
  301:6  warning  React Hook useCallback has an unnecessary dependency: 'kbCount'. Either exclude it or remove the dependency array  react-hooks/exhaustive-deps

C:\Users\vallu\OneDrive\Desktop\NRCM-PJ\4-1-pj\sentinelx-platform\src\pages\LoginPage.jsx
  88:5  warning  Unused eslint-disable directive (no problems were reported from 'react-hooks/set-state-in-effect')

Γ£û 2 problems (0 errors, 2 warnings)
  0 errors and 1 warning potentially fixable with the `--fix` option.

